../Core/Inc/Localization.h:24:6:localize	160	static
../Core/Inc/Localization.h:112:12:subtractCoordinates	48	static
../Core/Inc/Localization.h:119:7:calculateNorm	24	static
../Core/Inc/Localization.h:124:12:negateCoordinate	40	static
../Core/Inc/BaseSystemModbus.h:44:6:modbus_heartbeat_handler	16	static
../Core/Inc/BaseSystemModbus.h:71:6:modbus_data_sync	16	static
../Core/Src/main.c:90:5:main	8	static
../Core/Src/main.c:170:6:SystemClock_Config	88	static
../Core/Src/main.c:214:6:motor	24	static
../Core/Src/main.c:236:9:getRawPosition	4	static
../Core/Src/main.c:246:6:Error_Handler	4	static,ignoring_inline_asm
