../Core/Src/main.c:100:5:main	8	static
../Core/Src/main.c:170:6:SystemClock_Config	88	static
../Core/Src/main.c:213:13:MX_ADC1_Init	24	static
../Core/Src/main.c:262:13:MX_I2C1_Init	8	static
../Core/Src/main.c:294:13:MX_TIM1_Init	96	static
../Core/Src/main.c:362:13:MX_TIM2_Init	56	static
../Core/Src/main.c:408:13:MX_TIM9_Init	24	static
../Core/Src/main.c:443:13:MX_TIM11_Init	40	static
../Core/Src/main.c:487:13:MX_USART1_UART_Init	8	static
../Core/Src/main.c:518:13:MX_USART2_UART_Init	8	static
../Core/Src/main.c:547:13:MX_DMA_Init	16	static
../Core/Src/main.c:564:13:MX_GPIO_Init	48	static
../Core/Src/main.c:609:6:motor	24	static
../Core/Src/main.c:631:9:getRawPosition	4	static
../Core/Src/main.c:635:6:heartbeat_handler	8	static
../Core/Src/main.c:668:6:Error_Handler	4	static,ignoring_inline_asm
