../Core/Inc/localization.h:24:6:localize	160	static
../Core/Inc/localization.h:112:12:subtractCoordinates	48	static
../Core/Inc/localization.h:119:7:calculateNorm	24	static
../Core/Inc/localization.h:124:12:negateCoordinate	40	static
../Core/Src/main.c:133:5:main	8	static
../Core/Src/main.c:213:6:SystemClock_Config	88	static
../Core/Src/main.c:260:13:MX_ADC1_Init	24	static
../Core/Src/main.c:312:13:MX_I2C1_Init	8	static
../Core/Src/main.c:346:13:MX_TIM1_Init	96	static
../Core/Src/main.c:421:13:MX_TIM2_Init	56	static
../Core/Src/main.c:470:13:MX_TIM9_Init	24	static
../Core/Src/main.c:508:13:MX_TIM11_Init	40	static
../Core/Src/main.c:557:13:MX_USART1_UART_Init	8	static
../Core/Src/main.c:590:13:MX_USART2_UART_Init	8	static
../Core/Src/main.c:621:13:MX_DMA_Init	16	static
../Core/Src/main.c:639:13:MX_GPIO_Init	48	static
../Core/Src/main.c:685:6:motor	24	static
../Core/Src/main.c:707:9:getRawPosition	4	static
../Core/Src/main.c:711:6:modbus_heartbeat_handler	8	static
../Core/Src/main.c:738:6:modbus_data_sync	4	static
../Core/Src/main.c:801:6:Error_Handler	4	static,ignoring_inline_asm
