../Core/Inc/Localization.h:24:6:localize	160	static
../Core/Inc/Localization.h:112:12:subtractCoordinates	48	static
../Core/Inc/Localization.h:119:7:calculateNorm	24	static
../Core/Inc/Localization.h:124:12:negateCoordinate	40	static
../Core/Inc/BaseSystemModbus.h:44:6:modbus_heartbeat_handler	16	static
../Core/Inc/BaseSystemModbus.h:71:6:modbus_data_sync	16	static
../Core/Src/main.c:106:5:main	8	static
../Core/Src/main.c:185:6:SystemClock_Config	88	static
../Core/Src/main.c:228:13:MX_ADC1_Init	24	static
../Core/Src/main.c:277:13:MX_I2C1_Init	8	static
../Core/Src/main.c:309:13:MX_TIM1_Init	96	static
../Core/Src/main.c:377:13:MX_TIM2_Init	56	static
../Core/Src/main.c:423:13:MX_TIM9_Init	24	static
../Core/Src/main.c:458:13:MX_TIM11_Init	40	static
../Core/Src/main.c:502:13:MX_USART1_UART_Init	8	static
../Core/Src/main.c:533:13:MX_USART2_UART_Init	8	static
../Core/Src/main.c:562:13:MX_DMA_Init	16	static
../Core/Src/main.c:579:13:MX_GPIO_Init	48	static
../Core/Src/main.c:624:6:motor	24	static
../Core/Src/main.c:646:9:getRawPosition	4	static
../Core/Src/main.c:656:6:Error_Handler	4	static,ignoring_inline_asm
