../Core/Src/main.c:88:5:main	24	static
../Core/Src/main.c:161:6:SystemClock_Config	88	static
../Core/Src/main.c:204:13:MX_ADC1_Init	24	static
../Core/Src/main.c:253:13:MX_I2C1_Init	8	static
../Core/Src/main.c:285:13:MX_TIM1_Init	96	static
../Core/Src/main.c:353:13:MX_TIM2_Init	56	static
../Core/Src/main.c:399:13:MX_TIM9_Init	24	static
../Core/Src/main.c:434:13:MX_USART1_UART_Init	8	static
../Core/Src/main.c:465:13:MX_USART2_UART_Init	8	static
../Core/Src/main.c:496:13:MX_GPIO_Init	48	static
../Core/Src/main.c:537:6:motor	24	static
../Core/Src/main.c:565:6:Error_Handler	4	static,ignoring_inline_asm
