../Core/Src/main.c:113:5:main	8	static
../Core/Src/main.c:184:6:SystemClock_Config	88	static
../Core/Src/main.c:227:13:MX_ADC1_Init	24	static
../Core/Src/main.c:276:13:MX_I2C1_Init	8	static
../Core/Src/main.c:308:13:MX_TIM1_Init	96	static
../Core/Src/main.c:376:13:MX_TIM2_Init	56	static
../Core/Src/main.c:422:13:MX_TIM9_Init	24	static
../Core/Src/main.c:457:13:MX_TIM11_Init	40	static
../Core/Src/main.c:501:13:MX_USART1_UART_Init	8	static
../Core/Src/main.c:532:13:MX_USART2_UART_Init	8	static
../Core/Src/main.c:561:13:MX_DMA_Init	16	static
../Core/Src/main.c:578:13:MX_GPIO_Init	48	static
../Core/Src/main.c:623:6:motor	24	static
../Core/Src/main.c:645:9:getRawPosition	4	static
../Core/Src/main.c:649:6:modbus_heartbeat_handler	8	static
../Core/Src/main.c:676:6:modbus_data_sync	4	static
../Core/Src/main.c:694:6:Error_Handler	4	static,ignoring_inline_asm
