../Core/Src/main.c:126:5:main	8	static
../Core/Src/main.c:197:6:SystemClock_Config	88	static
../Core/Src/main.c:240:13:MX_ADC1_Init	24	static
../Core/Src/main.c:289:13:MX_I2C1_Init	8	static
../Core/Src/main.c:321:13:MX_TIM1_Init	96	static
../Core/Src/main.c:389:13:MX_TIM2_Init	56	static
../Core/Src/main.c:435:13:MX_TIM9_Init	24	static
../Core/Src/main.c:470:13:MX_TIM11_Init	40	static
../Core/Src/main.c:514:13:MX_USART1_UART_Init	8	static
../Core/Src/main.c:545:13:MX_USART2_UART_Init	8	static
../Core/Src/main.c:574:13:MX_DMA_Init	16	static
../Core/Src/main.c:591:13:MX_GPIO_Init	48	static
../Core/Src/main.c:636:6:motor	24	static
../Core/Src/main.c:658:9:getRawPosition	4	static
../Core/Src/main.c:662:6:modbus_heartbeat_handler	8	static
../Core/Src/main.c:689:6:modbus_data_sync	4	static
../Core/Src/main.c:747:6:Error_Handler	4	static,ignoring_inline_asm
