../Core/Inc/MotorEncoder.h:20:6:motor	16	static
../Core/Inc/MotorEncoder.h:42:9:getLocalPosition	4	static
../Core/Inc/MotorEncoder.h:46:9:getRawPosition	4	static
../Core/Inc/Localization.h:25:6:localize	160	static
../Core/Inc/Localization.h:120:12:subtractCoordinates	48	static
../Core/Inc/Localization.h:127:7:calculateNorm	24	static
../Core/Inc/Localization.h:132:12:negateCoordinate	40	static
../Core/Inc/BaseSystemModbus.h:53:6:modbus_init	8	static
../Core/Inc/BaseSystemModbus.h:61:6:modbus_heartbeat_handler	16	static
../Core/Inc/BaseSystemModbus.h:88:6:modbus_data_sync	16	static
../Core/Inc/WS2812B.h:24:6:Set_LED	24	static
../Core/Inc/WS2812B.h:31:6:Set_Brightness	40	static
../Core/Inc/WS2812B.h:47:6:WS2812_Send	32	static
../Core/Inc/WS2812B.h:81:6:HAL_TIM_PWM_PulseFinishedCallback	16	static
../Core/Inc/Speaker.h:22:6:speaker_logic	8	static
../Core/Inc/Speaker.h:29:6:speaker_UART_bitbang	8	static
../Core/Inc/Speaker.h:56:6:speaker_play	16	static
../Core/Inc/MainLogic.h:72:6:main_logic	24	static
../Core/Inc/MainLogic.h:232:6:interrupt_logic	16	static
../Core/Inc/MainLogic.h:252:6:end_effector_gripper	16	static
../Core/Inc/MainLogic.h:266:6:end_effector_laser	16	static
../Core/Inc/MainLogic.h:276:6:home_handler	16	static
../Core/Inc/MainLogic.h:296:6:data_report	16	static
../Core/Inc/MainLogic.h:302:6:x_spam_position	16	static
../Core/Inc/MainLogic.h:308:6:joystick_callback	16	static
../Core/Inc/MainLogic.h:365:9:move_finished	16	static
../Core/Inc/MainLogic.h:372:6:preset_data_y_only	16	static
../Core/Inc/MainLogic.h:379:6:preset_data_xy	8	static
../Core/Inc/MainLogic.h:403:6:emergency_handler	8	static
../Core/Inc/RGB.h:27:6:RGB_logic	16	static
../Core/Inc/RGB.h:91:6:RGB_off	16	static
../Core/Inc/RGB.h:97:6:RGB_Rainbow	80	static
../Core/Inc/RGB.h:184:6:RGB_Bootup	24	static
../Core/Inc/RGB.h:202:6:RGB_BreathingPattern	40	static
../Core/Inc/RGB.h:231:6:RGB_TrayProgress	24	static
../Core/Src/main.c:98:5:main	8	static
../Core/Src/main.c:183:6:SystemClock_Config	88	static
../Core/Src/main.c:223:6:HAL_TIM_PeriodElapsedCallback	16	static
../Core/Src/main.c:231:6:HAL_UART_RxCpltCallback	16	static
../Core/Src/main.c:237:6:HAL_GPIO_EXTI_Callback	16	static
../Core/Src/main.c:250:6:Error_Handler	4	static,ignoring_inline_asm
