../Core/Inc/MotorEncoder.h:20:6:motor	16	static
../Core/Inc/MotorEncoder.h:42:9:getLocalPosition	4	static
../Core/Inc/MotorEncoder.h:46:9:getRawPosition	4	static
../Core/Inc/Localization.h:25:6:localize	160	static
../Core/Inc/Localization.h:120:12:subtractCoordinates	48	static
../Core/Inc/Localization.h:127:7:calculateNorm	24	static
../Core/Inc/Localization.h:132:12:negateCoordinate	40	static
../Core/Inc/BaseSystemModbus.h:53:6:modbus_init	8	static
../Core/Inc/BaseSystemModbus.h:61:6:modbus_heartbeat_handler	16	static
../Core/Inc/BaseSystemModbus.h:88:6:modbus_data_sync	16	static
../Core/Inc/MainLogic.h:39:6:main_logic	16	static
../Core/Inc/MainLogic.h:63:6:interrupt_logic	16	static
../Core/Inc/MainLogic.h:81:6:end_effector_gripper	16	static
../Core/Inc/MainLogic.h:95:6:end_effector_laser	16	static
../Core/Inc/MainLogic.h:105:6:home_handler	8	static
../Core/Inc/WS2812B.h:24:6:Set_LED	24	static
../Core/Inc/WS2812B.h:31:6:Set_Brightness	40	static
../Core/Inc/WS2812B.h:47:6:WS2812_Send	32	static
../Core/Inc/WS2812B.h:81:6:HAL_TIM_PWM_PulseFinishedCallback	16	static
../Core/Inc/RGB.h:15:6:RGB_Rainbow	32	static
../Core/Inc/RGB.h:47:10:LERP	24	static
../Core/Src/main.c:101:5:main	8	static
../Core/Src/main.c:199:6:SystemClock_Config	88	static
../Core/Src/main.c:239:6:HAL_TIM_PeriodElapsedCallback	16	static
../Core/Src/main.c:245:6:HAL_UART_RxCpltCallback	16	static
../Core/Src/main.c:251:6:HAL_GPIO_EXTI_Callback	16	static
../Core/Src/main.c:263:6:Error_Handler	4	static,ignoring_inline_asm
