../Core/Inc/MotorEncoder.h:20:6:motor	16	static
../Core/Inc/MotorEncoder.h:42:9:getLocalPosition	4	static
../Core/Inc/MotorEncoder.h:46:9:getRawPosition	4	static
../Core/Inc/Localization.h:25:6:localize	160	static
../Core/Inc/Localization.h:120:12:subtractCoordinates	48	static
../Core/Inc/Localization.h:127:7:calculateNorm	24	static
../Core/Inc/Localization.h:132:12:negateCoordinate	40	static
../Core/Inc/BaseSystemModbus.h:53:6:modbus_init	8	static
../Core/Inc/BaseSystemModbus.h:61:6:modbus_heartbeat_handler	16	static
../Core/Inc/BaseSystemModbus.h:88:6:modbus_data_sync	16	static
../Core/Inc/MainLogic.h:42:6:main_logic	16	static
../Core/Inc/MainLogic.h:98:6:interrupt_logic	16	static
../Core/Inc/MainLogic.h:116:6:end_effector_gripper	16	static
../Core/Inc/MainLogic.h:130:6:end_effector_laser	16	static
../Core/Inc/MainLogic.h:140:6:home_handler	8	static
../Core/Inc/MainLogic.h:155:6:data_report	16	static
../Core/Inc/WS2812B.h:24:6:Set_LED	24	static
../Core/Inc/WS2812B.h:31:6:Set_Brightness	40	static
../Core/Inc/WS2812B.h:47:6:WS2812_Send	32	static
../Core/Inc/WS2812B.h:81:6:HAL_TIM_PWM_PulseFinishedCallback	16	static
../Core/Inc/RGB.h:19:6:RGB_logic	24	static
../Core/Inc/RGB.h:38:6:RGB_Rainbow	64	static
../Core/Inc/RGB.h:103:6:RGB_Bootup	16	static
../Core/Src/main.c:101:5:main	8	static
../Core/Src/main.c:200:6:SystemClock_Config	88	static
../Core/Src/main.c:240:6:HAL_TIM_PeriodElapsedCallback	16	static
../Core/Src/main.c:246:6:HAL_UART_RxCpltCallback	16	static
../Core/Src/main.c:252:6:HAL_GPIO_EXTI_Callback	16	static
../Core/Src/main.c:264:6:Error_Handler	4	static,ignoring_inline_asm
