../Core/Inc/Localization.h:25:6:localize	160	static
../Core/Inc/Localization.h:120:12:subtractCoordinates	48	static
../Core/Inc/Localization.h:127:7:calculateNorm	24	static
../Core/Inc/Localization.h:132:12:negateCoordinate	40	static
../Core/Inc/BaseSystemModbus.h:44:6:modbus_heartbeat_handler	16	static
../Core/Inc/BaseSystemModbus.h:71:6:modbus_data_sync	16	static
../Core/Src/main.c:91:5:main	8	static
../Core/Src/main.c:170:6:SystemClock_Config	88	static
../Core/Src/main.c:210:6:motor	24	static
../Core/Src/main.c:232:9:getRawPosition	4	static
../Core/Src/main.c:242:6:Error_Handler	4	static,ignoring_inline_asm
