../Core/Inc/MotorEncoder.h:9:6:motor	16	static
../Core/Inc/MotorEncoder.h:31:9:getRawPosition	4	static
../Core/Inc/Localization.h:25:6:localize	160	static
../Core/Inc/Localization.h:120:12:subtractCoordinates	48	static
../Core/Inc/Localization.h:127:7:calculateNorm	24	static
../Core/Inc/Localization.h:132:12:negateCoordinate	40	static
../Core/Inc/BaseSystemModbus.h:53:6:modbus_init	8	static
../Core/Inc/BaseSystemModbus.h:61:6:modbus_heartbeat_handler	16	static
../Core/Inc/BaseSystemModbus.h:88:6:modbus_data_sync	16	static
../Core/Inc/MainLogic.h:18:6:main_logic	48	static
../Core/Inc/MainLogic.h:22:6:end_effector_handler	48	static
../Core/Inc/MainLogic.h:42:6:end_effector_gripper	8	static
../Core/Src/main.c:91:5:main	56	static
../Core/Src/main.c:171:6:SystemClock_Config	88	static
../Core/Src/main.c:211:6:modbus_callback	4	static
../Core/Src/main.c:240:6:Error_Handler	4	static,ignoring_inline_asm
