../Core/Src/main.c:83:5:main	8	static
../Core/Src/main.c:139:6:SystemClock_Config	88	static
../Core/Src/main.c:182:13:MX_ADC1_Init	24	static
../Core/Src/main.c:231:13:MX_I2C1_Init	8	static
../Core/Src/main.c:263:13:MX_TIM1_Init	96	static
../Core/Src/main.c:331:13:MX_TIM2_Init	56	static
../Core/Src/main.c:377:13:MX_USART1_UART_Init	8	static
../Core/Src/main.c:408:13:MX_USART2_UART_Init	8	static
../Core/Src/main.c:439:13:MX_GPIO_Init	48	static
../Core/Src/main.c:480:6:motor	24	static
../Core/Src/main.c:508:6:Error_Handler	4	static,ignoring_inline_asm
