../Core/Inc/localization.h:31:6:localize	160	static
../Core/Inc/localization.h:119:12:subtractCoordinates	48	static
../Core/Inc/localization.h:126:7:calculateNorm	24	static
../Core/Inc/localization.h:131:12:negateCoordinate	40	static
../Core/Src/main.c:127:5:main	8	static
../Core/Src/main.c:198:6:SystemClock_Config	88	static
../Core/Src/main.c:241:13:MX_ADC1_Init	24	static
../Core/Src/main.c:290:13:MX_I2C1_Init	8	static
../Core/Src/main.c:322:13:MX_TIM1_Init	96	static
../Core/Src/main.c:390:13:MX_TIM2_Init	56	static
../Core/Src/main.c:436:13:MX_TIM9_Init	24	static
../Core/Src/main.c:471:13:MX_TIM11_Init	40	static
../Core/Src/main.c:515:13:MX_USART1_UART_Init	8	static
../Core/Src/main.c:546:13:MX_USART2_UART_Init	8	static
../Core/Src/main.c:575:13:MX_DMA_Init	16	static
../Core/Src/main.c:592:13:MX_GPIO_Init	48	static
../Core/Src/main.c:637:6:motor	24	static
../Core/Src/main.c:659:9:getRawPosition	4	static
../Core/Src/main.c:663:6:modbus_heartbeat_handler	8	static
../Core/Src/main.c:690:6:modbus_data_sync	4	static
../Core/Src/main.c:753:6:Error_Handler	4	static,ignoring_inline_asm
