../Core/Inc/Localization.h:25:6:localize	160	static
../Core/Inc/Localization.h:120:12:subtractCoordinates	48	static
../Core/Inc/Localization.h:127:7:calculateNorm	24	static
../Core/Inc/Localization.h:132:12:negateCoordinate	40	static
../Core/Inc/BaseSystemModbus.h:46:6:modbus_heartbeat_handler	16	static
../Core/Inc/BaseSystemModbus.h:73:6:modbus_data_sync	16	static
../Core/Inc/MainLogic.h:16:6:main_logic	8	static
../Core/Inc/MainLogic.h:20:6:end_effector_handler	8	static
../Core/Src/main.c:95:5:main	56	static
../Core/Src/main.c:178:6:SystemClock_Config	88	static
../Core/Src/main.c:218:6:motor	24	static
../Core/Src/main.c:240:9:getRawPosition	4	static
../Core/Src/main.c:244:6:modbus_callback	4	static
../Core/Src/main.c:271:6:Error_Handler	4	static,ignoring_inline_asm
