../Core/Src/tim.c:36:6:MX_TIM1_Init	96	static
../Core/Src/tim.c:106:6:MX_TIM2_Init	56	static
../Core/Src/tim.c:150:6:MX_TIM3_Init	64	static
../Core/Src/tim.c:204:6:MX_TIM9_Init	24	static
../Core/Src/tim.c:237:6:MX_TIM10_Init	8	static
../Core/Src/tim.c:263:6:MX_TIM11_Init	40	static
../Core/Src/tim.c:307:6:HAL_TIM_Base_MspInit	40	static
../Core/Src/tim.c:410:6:HAL_TIM_Encoder_MspInit	48	static
../Core/Src/tim.c:439:6:HAL_TIM_MspPostInit	48	static
../Core/Src/tim.c:487:6:HAL_TIM_Base_MspDeInit	16	static
../Core/Src/tim.c:607:6:HAL_TIM_Encoder_MspDeInit	16	static
